I"Vã<p>First let‚Äôs make sure we‚Äôre still in the right directory.
You should be in the <code class="language-plaintext highlighter-rouge">planets</code> directory.</p>

<div class="language-bash highlighter-rouge"><div class="highlight"><pre class="highlight"><code><span class="nv">$ </span><span class="nb">cd</span> ~/Desktop/planets
</code></pre></div></div>

<p>Let‚Äôs create a file called <code class="language-plaintext highlighter-rouge">mars.txt</code> that contains some notes
about the Red Planet‚Äôs suitability as a base.
We‚Äôll use <code class="language-plaintext highlighter-rouge">nano</code> to edit the file;
you can use whatever editor you like.
In particular, this does not have to be the <code class="language-plaintext highlighter-rouge">core.editor</code> you set globally earlier. But remember, the bash command to create or edit a new file will depend on the editor you choose (it might not be <code class="language-plaintext highlighter-rouge">nano</code>). For a refresher on text editors, check out <a href="https://swcarpentry.github.io/shell-novice/03-create/">‚ÄúWhich Editor?‚Äù</a> in <a href="https://swcarpentry.github.io/shell-novice/">The Unix Shell</a> lesson.</p>

<div class="language-bash highlighter-rouge"><div class="highlight"><pre class="highlight"><code><span class="nv">$ </span>nano mars.txt
</code></pre></div></div>

<p>Type the text below into the <code class="language-plaintext highlighter-rouge">mars.txt</code> file:</p>

<div class="language-plaintext highlighter-rouge"><div class="highlight"><pre class="highlight"><code>Cold and dry, but everything is my favorite color
</code></pre></div></div>

<p>Let‚Äôs first verify that the file was properly created by running the list command (<code class="language-plaintext highlighter-rouge">ls</code>):</p>

<div class="language-bash highlighter-rouge"><div class="highlight"><pre class="highlight"><code><span class="nv">$ </span><span class="nb">ls</span>
</code></pre></div></div>

<div class="language-plaintext output highlighter-rouge"><div class="highlight"><pre class="highlight"><code>mars.txt
</code></pre></div></div>

<p><code class="language-plaintext highlighter-rouge">mars.txt</code> contains a single line, which we can see by running:</p>

<div class="language-bash highlighter-rouge"><div class="highlight"><pre class="highlight"><code><span class="nv">$ </span><span class="nb">cat </span>mars.txt
</code></pre></div></div>

<div class="language-plaintext output highlighter-rouge"><div class="highlight"><pre class="highlight"><code>Cold and dry, but everything is my favorite color
</code></pre></div></div>

<p>If we check the status of our project again,
Git tells us that it‚Äôs noticed the new file:</p>

<div class="language-bash highlighter-rouge"><div class="highlight"><pre class="highlight"><code><span class="nv">$ </span>git status
</code></pre></div></div>

<div class="language-plaintext output highlighter-rouge"><div class="highlight"><pre class="highlight"><code>On branch master

No commits yet

Untracked files:
   (use "git add &lt;file&gt;..." to include in what will be committed)

	mars.txt

nothing added to commit but untracked files present (use "git add" to track)
</code></pre></div></div>

<p>The ‚Äúuntracked files‚Äù message means that there‚Äôs a file in the directory
that Git isn‚Äôt keeping track of.
We can tell Git to track a file using <code class="language-plaintext highlighter-rouge">git add</code>:</p>

<div class="language-bash highlighter-rouge"><div class="highlight"><pre class="highlight"><code><span class="nv">$ </span>git add mars.txt
</code></pre></div></div>

<p>and then check that the right thing happened:</p>

<div class="language-bash highlighter-rouge"><div class="highlight"><pre class="highlight"><code><span class="nv">$ </span>git status
</code></pre></div></div>

<div class="language-plaintext output highlighter-rouge"><div class="highlight"><pre class="highlight"><code>On branch master

No commits yet

Changes to be committed:
  (use "git rm --cached &lt;file&gt;..." to unstage)

	new file:   mars.txt

</code></pre></div></div>

<p>Git now knows that it‚Äôs supposed to keep track of <code class="language-plaintext highlighter-rouge">mars.txt</code>,
but it hasn‚Äôt recorded these changes as a commit yet.
To get it to do that,
we need to run one more command:</p>

<div class="language-bash highlighter-rouge"><div class="highlight"><pre class="highlight"><code><span class="nv">$ </span>git commit <span class="nt">-m</span> <span class="s2">"Start notes on Mars as a base"</span>
</code></pre></div></div>

<div class="language-plaintext output highlighter-rouge"><div class="highlight"><pre class="highlight"><code>[master (root-commit) f22b25e] Start notes on Mars as a base
 1 file changed, 1 insertion(+)
 create mode 100644 mars.txt
</code></pre></div></div>

<p>When we run <code class="language-plaintext highlighter-rouge">git commit</code>,
Git takes everything we have told it to save by using <code class="language-plaintext highlighter-rouge">git add</code>
and stores a copy permanently inside the special <code class="language-plaintext highlighter-rouge">.git</code> directory.
This permanent copy is called a <a href="../reference.html#commit">commit</a>
(or <a href="../reference.html#revision">revision</a>) and its short identifier is <code class="language-plaintext highlighter-rouge">f22b25e</code>. Your commit may have another identifier.</p>

<p>We use the <code class="language-plaintext highlighter-rouge">-m</code> flag (for ‚Äúmessage‚Äù)
to record a short, descriptive, and specific comment that will help us remember later on what we did and why.
If we just run <code class="language-plaintext highlighter-rouge">git commit</code> without the <code class="language-plaintext highlighter-rouge">-m</code> option,
Git will launch <code class="language-plaintext highlighter-rouge">nano</code> (or whatever other editor we configured as <code class="language-plaintext highlighter-rouge">core.editor</code>)
so that we can write a longer message.</p>

<p><a href="https://chris.beams.io/posts/git-commit/">Good commit messages</a> start with a brief (&lt;50 characters) statement about the
changes made in the commit. Generally, the message should complete the sentence ‚ÄúIf applied, this commit will‚Äù <commit message="" here="">.
If you want to go into more detail, add a blank line between the summary line and your additional notes. Use this additional space to explain why you made changes and/or what their impact will be.</commit></p>

<p>If we run <code class="language-plaintext highlighter-rouge">git status</code> now:</p>

<div class="language-bash highlighter-rouge"><div class="highlight"><pre class="highlight"><code><span class="nv">$ </span>git status
</code></pre></div></div>

<div class="language-plaintext output highlighter-rouge"><div class="highlight"><pre class="highlight"><code>On branch master
nothing to commit, working directory clean
</code></pre></div></div>

<p>it tells us everything is up to date.
If we want to know what we‚Äôve done recently,
we can ask Git to show us the project‚Äôs history using <code class="language-plaintext highlighter-rouge">git log</code>:</p>

<div class="language-bash highlighter-rouge"><div class="highlight"><pre class="highlight"><code><span class="nv">$ </span>git log
</code></pre></div></div>

<div class="language-plaintext output highlighter-rouge"><div class="highlight"><pre class="highlight"><code>commit f22b25e3233b4645dabd0d81e651fe074bd8e73b
Author: Vlad Dracula &lt;vlad@tran.sylvan.ia&gt;
Date:   Thu Aug 22 09:51:46 2013 -0400

    Start notes on Mars as a base
</code></pre></div></div>

<p><code class="language-plaintext highlighter-rouge">git log</code> lists all commits  made to a repository in reverse chronological order.
The listing for each commit includes
the commit‚Äôs full identifier
(which starts with the same characters as
the short identifier printed by the <code class="language-plaintext highlighter-rouge">git commit</code> command earlier),
the commit‚Äôs author,
when it was created,
and the log message Git was given when the commit was created.</p>

<blockquote class="callout">
  <h2 id="where-are-my-changes">Where Are My Changes?</h2>

  <p>If we run <code class="language-plaintext highlighter-rouge">ls</code> at this point, we will still see just one file called <code class="language-plaintext highlighter-rouge">mars.txt</code>.
That‚Äôs because Git saves information about files‚Äô history
in the special <code class="language-plaintext highlighter-rouge">.git</code> directory mentioned earlier
so that our filesystem doesn‚Äôt become cluttered
(and so that we can‚Äôt accidentally edit or delete an old version).</p>
</blockquote>

<p>Now suppose Dracula adds more information to the file.
(Again, we‚Äôll edit with <code class="language-plaintext highlighter-rouge">nano</code> and then <code class="language-plaintext highlighter-rouge">cat</code> the file to show its contents;
you may use a different editor, and don‚Äôt need to <code class="language-plaintext highlighter-rouge">cat</code>.)</p>

<div class="language-bash highlighter-rouge"><div class="highlight"><pre class="highlight"><code><span class="nv">$ </span>nano mars.txt
<span class="nv">$ </span><span class="nb">cat </span>mars.txt
</code></pre></div></div>

<div class="language-plaintext output highlighter-rouge"><div class="highlight"><pre class="highlight"><code>Cold and dry, but everything is my favorite color
The two moons may be a problem for Wolfman
</code></pre></div></div>

<p>When we run <code class="language-plaintext highlighter-rouge">git status</code> now,
it tells us that a file it already knows about has been modified:</p>

<div class="language-bash highlighter-rouge"><div class="highlight"><pre class="highlight"><code><span class="nv">$ </span>git status
</code></pre></div></div>

<div class="language-plaintext output highlighter-rouge"><div class="highlight"><pre class="highlight"><code>On branch master
Changes not staged for commit:
  (use "git add &lt;file&gt;..." to update what will be committed)
  (use "git checkout -- &lt;file&gt;..." to discard changes in working directory)

	modified:   mars.txt

no changes added to commit (use "git add" and/or "git commit -a")
</code></pre></div></div>

<p>The last line is the key phrase:
‚Äúno changes added to commit‚Äù.
We have changed this file,
but we haven‚Äôt told Git we will want to save those changes
(which we do with <code class="language-plaintext highlighter-rouge">git add</code>)
nor have we saved them (which we do with <code class="language-plaintext highlighter-rouge">git commit</code>).
So let‚Äôs do that now. It is good practice to always review
our changes before saving them. We do this using <code class="language-plaintext highlighter-rouge">git diff</code>.
This shows us the differences between the current state
of the file and the most recently saved version:</p>

<div class="language-bash highlighter-rouge"><div class="highlight"><pre class="highlight"><code><span class="nv">$ </span>git diff
</code></pre></div></div>

<div class="language-plaintext output highlighter-rouge"><div class="highlight"><pre class="highlight"><code>diff --git a/mars.txt b/mars.txt
index df0654a..315bf3a 100644
--- a/mars.txt
+++ b/mars.txt
@@ -1 +1,2 @@
 Cold and dry, but everything is my favorite color
+The two moons may be a problem for Wolfman
</code></pre></div></div>

<p>The output is cryptic because
it is actually a series of commands for tools like editors and <code class="language-plaintext highlighter-rouge">patch</code>
telling them how to reconstruct one file given the other.
If we break it down into pieces:</p>

<ol>
  <li>The first line tells us that Git is producing output similar to the Unix <code class="language-plaintext highlighter-rouge">diff</code> command
comparing the old and new versions of the file.</li>
  <li>The second line tells exactly which versions of the file
Git is comparing;
<code class="language-plaintext highlighter-rouge">df0654a</code> and <code class="language-plaintext highlighter-rouge">315bf3a</code> are unique computer-generated labels for those versions.</li>
  <li>The third and fourth lines once again show the name of the file being changed.</li>
  <li>The remaining lines are the most interesting, they show us the actual differences
and the lines on which they occur.
In particular,
the <code class="language-plaintext highlighter-rouge">+</code> marker in the first column shows where we added a line.</li>
</ol>

<p>After reviewing our change, it‚Äôs time to commit it:</p>

<div class="language-bash highlighter-rouge"><div class="highlight"><pre class="highlight"><code><span class="nv">$ </span>git commit <span class="nt">-m</span> <span class="s2">"Add concerns about effects of Mars' moons on Wolfman"</span>
<span class="nv">$ </span>git status
</code></pre></div></div>

<div class="language-plaintext output highlighter-rouge"><div class="highlight"><pre class="highlight"><code>On branch master
Changes not staged for commit:
  (use "git add &lt;file&gt;..." to update what will be committed)
  (use "git checkout -- &lt;file&gt;..." to discard changes in working directory)

	modified:   mars.txt

no changes added to commit (use "git add" and/or "git commit -a")
</code></pre></div></div>

<p>Whoops:
Git won‚Äôt commit because we didn‚Äôt use <code class="language-plaintext highlighter-rouge">git add</code> first.
Let‚Äôs fix that:</p>

<div class="language-bash highlighter-rouge"><div class="highlight"><pre class="highlight"><code><span class="nv">$ </span>git add mars.txt
<span class="nv">$ </span>git commit <span class="nt">-m</span> <span class="s2">"Add concerns about effects of Mars' moons on Wolfman"</span>
</code></pre></div></div>

<div class="language-plaintext output highlighter-rouge"><div class="highlight"><pre class="highlight"><code>[master 34961b1] Add concerns about effects of Mars' moons on Wolfman
 1 file changed, 1 insertion(+)
</code></pre></div></div>

<p>Git insists that we add files to the set we want to commit
before actually committing anything. This allows us to commit our
changes in stages and capture changes in logical portions rather than
only large batches.
For example,
suppose we‚Äôre adding a few citations to relevant research to our thesis.
We might want to commit those additions,
and the corresponding bibliography entries,
but <em>not</em> commit some of our work drafting the conclusion
(which we haven‚Äôt finished yet).</p>

<p>To allow for this,
Git has a special <em>staging area</em>
where it keeps track of things that have been added to
the current <a href="../reference.html#changeset">changeset</a>
but not yet committed.</p>

<blockquote class="callout">
  <h2 id="staging-area">Staging Area</h2>

  <p>If you think of Git as taking snapshots of changes over the life of a project,
<code class="language-plaintext highlighter-rouge">git add</code> specifies <em>what</em> will go in a snapshot
(putting things in the staging area),
and <code class="language-plaintext highlighter-rouge">git commit</code> then <em>actually takes</em> the snapshot, and
makes a permanent record of it (as a commit).
If you don‚Äôt have anything staged when you type <code class="language-plaintext highlighter-rouge">git commit</code>,
Git will prompt you to use <code class="language-plaintext highlighter-rouge">git commit -a</code> or <code class="language-plaintext highlighter-rouge">git commit --all</code>,
which is kind of like gathering <em>everyone</em> to take a group photo!
However, it‚Äôs almost always better to
explicitly add things to the staging area, because you might
commit changes you forgot you made. (Going back to the group photo simile,
you might get an extra with incomplete makeup walking on
the stage for the picture because you used <code class="language-plaintext highlighter-rouge">-a</code>!)
Try to stage things manually,
or you might find yourself searching for ‚Äúgit undo commit‚Äù more
than you would like!</p>
</blockquote>

<p><img src="../fig/git-staging-area.svg" alt="The Git Staging Area" /></p>

<p>Let‚Äôs watch as our changes to a file move from our editor
to the staging area
and into long-term storage.
First,
we‚Äôll add another line to the file:</p>

<div class="language-bash highlighter-rouge"><div class="highlight"><pre class="highlight"><code><span class="nv">$ </span>nano mars.txt
<span class="nv">$ </span><span class="nb">cat </span>mars.txt
</code></pre></div></div>

<div class="language-plaintext output highlighter-rouge"><div class="highlight"><pre class="highlight"><code>Cold and dry, but everything is my favorite color
The two moons may be a problem for Wolfman
But the Mummy will appreciate the lack of humidity
</code></pre></div></div>

<div class="language-bash highlighter-rouge"><div class="highlight"><pre class="highlight"><code><span class="nv">$ </span>git diff
</code></pre></div></div>

<div class="language-plaintext output highlighter-rouge"><div class="highlight"><pre class="highlight"><code>diff --git a/mars.txt b/mars.txt
index 315bf3a..b36abfd 100644
--- a/mars.txt
+++ b/mars.txt
@@ -1,2 +1,3 @@
 Cold and dry, but everything is my favorite color
 The two moons may be a problem for Wolfman
+But the Mummy will appreciate the lack of humidity
</code></pre></div></div>

<p>So far, so good:
we‚Äôve added one line to the end of the file
(shown with a <code class="language-plaintext highlighter-rouge">+</code> in the first column).
Now let‚Äôs put that change in the staging area
and see what <code class="language-plaintext highlighter-rouge">git diff</code> reports:</p>

<div class="language-bash highlighter-rouge"><div class="highlight"><pre class="highlight"><code><span class="nv">$ </span>git add mars.txt
<span class="nv">$ </span>git diff
</code></pre></div></div>

<p>There is no output:
as far as Git can tell,
there‚Äôs no difference between what it‚Äôs been asked to save permanently
and what‚Äôs currently in the directory.
However,
if we do this:</p>

<div class="language-bash highlighter-rouge"><div class="highlight"><pre class="highlight"><code><span class="nv">$ </span>git diff <span class="nt">--staged</span>
</code></pre></div></div>

<div class="language-plaintext output highlighter-rouge"><div class="highlight"><pre class="highlight"><code>diff --git a/mars.txt b/mars.txt
index 315bf3a..b36abfd 100644
--- a/mars.txt
+++ b/mars.txt
@@ -1,2 +1,3 @@
 Cold and dry, but everything is my favorite color
 The two moons may be a problem for Wolfman
+But the Mummy will appreciate the lack of humidity
</code></pre></div></div>

<p>it shows us the difference between
the last committed change
and what‚Äôs in the staging area.
Let‚Äôs save our changes:</p>

<div class="language-bash highlighter-rouge"><div class="highlight"><pre class="highlight"><code><span class="nv">$ </span>git commit <span class="nt">-m</span> <span class="s2">"Discuss concerns about Mars' climate for Mummy"</span>
</code></pre></div></div>

<div class="language-plaintext output highlighter-rouge"><div class="highlight"><pre class="highlight"><code>[master 005937f] Discuss concerns about Mars' climate for Mummy
 1 file changed, 1 insertion(+)
</code></pre></div></div>

<p>check our status:</p>

<div class="language-bash highlighter-rouge"><div class="highlight"><pre class="highlight"><code><span class="nv">$ </span>git status
</code></pre></div></div>

<div class="language-plaintext output highlighter-rouge"><div class="highlight"><pre class="highlight"><code>On branch master
nothing to commit, working directory clean
</code></pre></div></div>

<p>and look at the history of what we‚Äôve done so far:</p>

<div class="language-bash highlighter-rouge"><div class="highlight"><pre class="highlight"><code><span class="nv">$ </span>git log
</code></pre></div></div>

<div class="language-plaintext output highlighter-rouge"><div class="highlight"><pre class="highlight"><code>commit 005937fbe2a98fb83f0ade869025dc2636b4dad5
Author: Vlad Dracula &lt;vlad@tran.sylvan.ia&gt;
Date:   Thu Aug 22 10:14:07 2013 -0400

    Discuss concerns about Mars' climate for Mummy

commit 34961b159c27df3b475cfe4415d94a6d1fcd064d
Author: Vlad Dracula &lt;vlad@tran.sylvan.ia&gt;
Date:   Thu Aug 22 10:07:21 2013 -0400

    Add concerns about effects of Mars' moons on Wolfman

commit f22b25e3233b4645dabd0d81e651fe074bd8e73b
Author: Vlad Dracula &lt;vlad@tran.sylvan.ia&gt;
Date:   Thu Aug 22 09:51:46 2013 -0400

    Start notes on Mars as a base
</code></pre></div></div>

<blockquote class="callout">
  <h2 id="word-based-diffing">Word-based diffing</h2>

  <p>Sometimes, e.g. in the case of the text documents a line-wise
diff is too coarse. That is where the <code class="language-plaintext highlighter-rouge">--color-words</code> option of
<code class="language-plaintext highlighter-rouge">git diff</code> comes in very useful as it highlights the changed
words using colors.</p>
</blockquote>

<blockquote class="callout">
  <h2 id="paging-the-log">Paging the Log</h2>

  <p>When the output of <code class="language-plaintext highlighter-rouge">git log</code> is too long to fit in your screen,
<code class="language-plaintext highlighter-rouge">git</code> uses a program to split it into pages of the size of your screen.
When this ‚Äúpager‚Äù is called, you will notice that the last line in your
screen is a <code class="language-plaintext highlighter-rouge">:</code>, instead of your usual prompt.</p>

  <ul>
    <li>To get out of the pager, press <kbd>Q</kbd>.</li>
    <li>To move to the next page, press <kbd>Spacebar</kbd>.</li>
    <li>To search for <code class="language-plaintext highlighter-rouge">some_word</code> in all pages,
press <kbd>/</kbd>
and type <code class="language-plaintext highlighter-rouge">some_word</code>.
Navigate through matches pressing <kbd>N</kbd>.</li>
  </ul>
</blockquote>

<blockquote class="callout">
  <h2 id="limit-log-size">Limit Log Size</h2>

  <p>To avoid having <code class="language-plaintext highlighter-rouge">git log</code> cover your entire terminal screen, you can limit the
number of commits that Git lists by using <code class="language-plaintext highlighter-rouge">-N</code>, where <code class="language-plaintext highlighter-rouge">N</code> is the number of
commits that you want to view. For example, if you only want information from
the last commit you can use:</p>

  <div class="language-bash highlighter-rouge"><div class="highlight"><pre class="highlight"><code><span class="nv">$ </span>git log <span class="nt">-1</span>
</code></pre></div>  </div>

  <div class="language-plaintext output highlighter-rouge"><div class="highlight"><pre class="highlight"><code>commit 005937fbe2a98fb83f0ade869025dc2636b4dad5
Author: Vlad Dracula &lt;vlad@tran.sylvan.ia&gt;
Date:   Thu Aug 22 10:14:07 2013 -0400

   Discuss concerns about Mars' climate for Mummy
</code></pre></div>  </div>

  <p>You can also reduce the quantity of information using the
<code class="language-plaintext highlighter-rouge">--oneline</code> option:</p>

  <div class="language-bash highlighter-rouge"><div class="highlight"><pre class="highlight"><code><span class="nv">$ </span>git log <span class="nt">--oneline</span>
</code></pre></div>  </div>
  <div class="language-plaintext output highlighter-rouge"><div class="highlight"><pre class="highlight"><code>005937f Discuss concerns about Mars' climate for Mummy
34961b1 Add concerns about effects of Mars' moons on Wolfman
f22b25e Start notes on Mars as a base
</code></pre></div>  </div>

  <p>You can also combine the <code class="language-plaintext highlighter-rouge">--oneline</code> option with others. One useful
combination adds <code class="language-plaintext highlighter-rouge">--graph</code> to display the commit history as a text-based
graph and to indicate which commits are associated with the
current <code class="language-plaintext highlighter-rouge">HEAD</code>, the current branch <code class="language-plaintext highlighter-rouge">master</code>, or
<a href="https://git-scm.com/book/en/v2/Git-Internals-Git-References">other Git references</a>:</p>

  <div class="language-bash highlighter-rouge"><div class="highlight"><pre class="highlight"><code><span class="nv">$ </span>git log <span class="nt">--oneline</span> <span class="nt">--graph</span>
</code></pre></div>  </div>
  <div class="language-plaintext output highlighter-rouge"><div class="highlight"><pre class="highlight"><code>* 005937f (HEAD -&gt; master) Discuss concerns about Mars' climate for Mummy
* 34961b1 Add concerns about effects of Mars' moons on Wolfman
* f22b25e Start notes on Mars as a base
</code></pre></div>  </div>
</blockquote>

<blockquote class="callout">
  <h2 id="directories">Directories</h2>

  <p>Two important facts you should know about directories in Git.</p>

  <ol>
    <li>
      <p>Git does not track directories on their own, only files within them.
Try it for yourself:</p>

      <div class="language-bash highlighter-rouge"><div class="highlight"><pre class="highlight"><code><span class="nv">$ </span><span class="nb">mkdir </span>spaceships
<span class="nv">$ </span>git status
<span class="nv">$ </span>git add spaceships
<span class="nv">$ </span>git status
</code></pre></div>      </div>

      <p>Note, our newly created empty directory <code class="language-plaintext highlighter-rouge">spaceships</code> does not appear in
the list of untracked files even if we explicitly add it (<em>via</em> <code class="language-plaintext highlighter-rouge">git add</code>) to our
repository. This is the reason why you will sometimes see <code class="language-plaintext highlighter-rouge">.gitkeep</code> files
in otherwise empty directories. Unlike <code class="language-plaintext highlighter-rouge">.gitignore</code>, these files are not special
and their sole purpose is to populate a directory so that Git adds it to
the repository. In fact, you can name such files anything you like.</p>
    </li>
    <li>
      <p>If you create a directory in your Git repository and populate it with files,
you can add all files in the directory at once by:</p>

      <div class="language-bash highlighter-rouge"><div class="highlight"><pre class="highlight"><code>git add &lt;directory-with-files&gt;
</code></pre></div>      </div>

      <p>Try it for yourself:</p>

      <div class="language-bash highlighter-rouge"><div class="highlight"><pre class="highlight"><code><span class="nv">$ </span><span class="nb">touch </span>spaceships/apollo-11 spaceships/sputnik-1
<span class="nv">$ </span>git status
<span class="nv">$ </span>git add spaceships
<span class="nv">$ </span>git status
</code></pre></div>      </div>

      <p>Before moving on, we will commit these changes.</p>

      <div class="language-bash highlighter-rouge"><div class="highlight"><pre class="highlight"><code><span class="nv">$ </span>git commit <span class="nt">-m</span> <span class="s2">"Add some initial thoughts on spaceships"</span>
</code></pre></div>      </div>
    </li>
  </ol>

</blockquote>

<p>To recap, when we want to add changes to our repository,
we first need to add the changed files to the staging area
(<code class="language-plaintext highlighter-rouge">git add</code>) and then commit the staged changes to the
repository (<code class="language-plaintext highlighter-rouge">git commit</code>):</p>

<p><img src="../fig/git-committing.svg" alt="The Git Commit Workflow" /></p>

<blockquote class="challenge">
  <h2 id="choosing-a-commit-message">Choosing a Commit Message</h2>

  <p>Which of the following commit messages would be most appropriate for the
last commit made to <code class="language-plaintext highlighter-rouge">mars.txt</code>?</p>

  <ol>
    <li>‚ÄúChanges‚Äù</li>
    <li>‚ÄúAdded line ‚ÄòBut the Mummy will appreciate the lack of humidity‚Äô to mars.txt‚Äù</li>
    <li>‚ÄúDiscuss effects of Mars‚Äô climate on the Mummy‚Äù</li>
  </ol>

  <blockquote class="solution">
    <h2 id="solution">Solution</h2>
    <p>Answer 1 is not descriptive enough, and the purpose of the commit is unclear;
and answer 2 is redundant to using ‚Äúgit diff‚Äù to see what changed in this commit;
but answer 3 is good: short, descriptive, and imperative.</p>
  </blockquote>
</blockquote>

<blockquote class="challenge">
  <h2 id="committing-changes-to-git">Committing Changes to Git</h2>

  <p>Which command(s) below would save the changes of <code class="language-plaintext highlighter-rouge">myfile.txt</code>
to my local Git repository?</p>

  <ol>
    <li>
      <div class="language-bash highlighter-rouge"><div class="highlight"><pre class="highlight"><code><span class="nv">$ </span>git commit <span class="nt">-m</span> <span class="s2">"my recent changes"</span>
</code></pre></div>      </div>
    </li>
    <li>
      <div class="language-bash highlighter-rouge"><div class="highlight"><pre class="highlight"><code><span class="nv">$ </span>git init myfile.txt
<span class="nv">$ </span>git commit <span class="nt">-m</span> <span class="s2">"my recent changes"</span>
</code></pre></div>      </div>
    </li>
    <li>
      <div class="language-bash highlighter-rouge"><div class="highlight"><pre class="highlight"><code><span class="nv">$ </span>git add myfile.txt
<span class="nv">$ </span>git commit <span class="nt">-m</span> <span class="s2">"my recent changes"</span>
</code></pre></div>      </div>
    </li>
    <li>
      <div class="language-bash highlighter-rouge"><div class="highlight"><pre class="highlight"><code><span class="nv">$ </span>git commit <span class="nt">-m</span> myfile.txt <span class="s2">"my recent changes"</span>
</code></pre></div>      </div>
    </li>
  </ol>

  <blockquote class="solution">
    <h2 id="solution-1">Solution</h2>

    <ol>
      <li>Would only create a commit if files have already been staged.</li>
      <li>Would try to create a new repository.</li>
      <li>Is correct: first add the file to the staging area, then commit.</li>
      <li>Would try to commit a file ‚Äúmy recent changes‚Äù with the message myfile.txt.</li>
    </ol>
  </blockquote>
</blockquote>

<blockquote class="challenge">
  <h2 id="committing-multiple-files">Committing Multiple Files</h2>

  <p>The staging area can hold changes from any number of files
that you want to commit as a single snapshot.</p>

  <ol>
    <li>Add some text to <code class="language-plaintext highlighter-rouge">mars.txt</code> noting your decision
to consider Venus as a base</li>
    <li>Create a new file <code class="language-plaintext highlighter-rouge">venus.txt</code> with your initial thoughts
about Venus as a base for you and your friends</li>
    <li>Add changes from both files to the staging area,
and commit those changes.</li>
  </ol>

  <blockquote class="solution">
    <h2 id="solution-2">Solution</h2>

    <p>First we make our changes to the <code class="language-plaintext highlighter-rouge">mars.txt</code> and <code class="language-plaintext highlighter-rouge">venus.txt</code> files:</p>
    <div class="language-bash highlighter-rouge"><div class="highlight"><pre class="highlight"><code><span class="nv">$ </span>nano mars.txt
<span class="nv">$ </span><span class="nb">cat </span>mars.txt
</code></pre></div>    </div>
    <div class="language-plaintext output highlighter-rouge"><div class="highlight"><pre class="highlight"><code>Maybe I should start with a base on Venus.
</code></pre></div>    </div>
    <div class="language-bash highlighter-rouge"><div class="highlight"><pre class="highlight"><code><span class="nv">$ </span>nano venus.txt
<span class="nv">$ </span><span class="nb">cat </span>venus.txt
</code></pre></div>    </div>
    <div class="language-plaintext output highlighter-rouge"><div class="highlight"><pre class="highlight"><code>Venus is a nice planet and I definitely should consider it as a base.
</code></pre></div>    </div>
    <p>Now you can add both files to the staging area. We can do that in one line:</p>

    <div class="language-bash highlighter-rouge"><div class="highlight"><pre class="highlight"><code><span class="nv">$ </span>git add mars.txt venus.txt
</code></pre></div>    </div>
    <p>Or with multiple commands:</p>
    <div class="language-bash highlighter-rouge"><div class="highlight"><pre class="highlight"><code><span class="nv">$ </span>git add mars.txt
<span class="nv">$ </span>git add venus.txt
</code></pre></div>    </div>
    <p>Now the files are ready to commit. You can check that using <code class="language-plaintext highlighter-rouge">git status</code>. If you are ready to commit use:</p>
    <div class="language-bash highlighter-rouge"><div class="highlight"><pre class="highlight"><code><span class="nv">$ </span>git commit <span class="nt">-m</span> <span class="s2">"Write plans to start a base on Venus"</span>
</code></pre></div>    </div>
    <div class="language-plaintext output highlighter-rouge"><div class="highlight"><pre class="highlight"><code>[master cc127c2]
 Write plans to start a base on Venus
 2 files changed, 2 insertions(+)
 create mode 100644 venus.txt
</code></pre></div>    </div>
  </blockquote>
</blockquote>

<blockquote class="challenge">
  <h2 id="bio-repository"><code class="language-plaintext highlighter-rouge">bio</code> Repository</h2>

  <ul>
    <li>Create a new Git repository on your computer called <code class="language-plaintext highlighter-rouge">bio</code>.</li>
    <li>Write a three-line biography for yourself in a file called <code class="language-plaintext highlighter-rouge">me.txt</code>,
commit your changes</li>
    <li>Modify one line, add a fourth line</li>
    <li>Display the differences
between its updated state and its original state.</li>
  </ul>

  <blockquote class="solution">
    <h2 id="solution-3">Solution</h2>

    <p>If needed, move out of the <code class="language-plaintext highlighter-rouge">planets</code> folder:</p>

    <div class="language-bash highlighter-rouge"><div class="highlight"><pre class="highlight"><code><span class="nv">$ </span><span class="nb">cd</span> ..
</code></pre></div>    </div>

    <p>Create a new folder called <code class="language-plaintext highlighter-rouge">bio</code> and ‚Äòmove‚Äô into it:</p>

    <div class="language-bash highlighter-rouge"><div class="highlight"><pre class="highlight"><code><span class="nv">$ </span><span class="nb">mkdir </span>bio
<span class="nv">$ </span><span class="nb">cd </span>bio
</code></pre></div>    </div>

    <p>Initialise git:</p>

    <div class="language-bash highlighter-rouge"><div class="highlight"><pre class="highlight"><code><span class="nv">$ </span>git init
</code></pre></div>    </div>

    <p>Create your biography file <code class="language-plaintext highlighter-rouge">me.txt</code> using <code class="language-plaintext highlighter-rouge">nano</code> or another text editor.
Once in place, add and commit it to the repository:</p>

    <div class="language-bash highlighter-rouge"><div class="highlight"><pre class="highlight"><code><span class="nv">$ </span>git add me.txt
<span class="nv">$ </span>git commit <span class="nt">-m</span> <span class="s2">"Add biography file"</span> 
</code></pre></div>    </div>

    <p>Modify the file as described (modify one line, add a fourth line).
To display the differences
between its updated state and its original state, use <code class="language-plaintext highlighter-rouge">git diff</code>:</p>

    <div class="language-bash highlighter-rouge"><div class="highlight"><pre class="highlight"><code><span class="nv">$ </span>git diff me.txt
</code></pre></div>    </div>

  </blockquote>
</blockquote>

:ET